// Jest Snapshot v1, https://goo.gl/fbAQLP

exports[`PageDescription renders correctly 1`] = `
<div>
  <h2>
     
    test heading
     
  </h2>
  <p>
     
    test description
     
  </p>
</div>
`;
